[1] scan info : my_chain  
  START: test_si (2059.200, 973.500)
  STOP: test_so (2059.200, 1225.500)

    39.600  floating inst_PC_inst_addr_reg_15_/TI
    94.800  floating inst_EX2MEM_reg_shifted_address_reg_15_/TI
    102.600  floating inst_ID2EX_reg_address_reg_15_/TI
    58.800  floating inst_IF2ID_reg_instruction_reg_15_/TI
    51.600  floating inst_ID2EX_reg_jump_address_reg_14_/TI
    35.400  floating inst_ID2EX_reg_jump_address_reg_15_/TI
    68.400  floating inst_ID2EX_reg_op_type_reg_0_/TI
    47.400  floating inst_IF2ID_reg_instruction_reg_0_/TI
    78.000  floating inst_IF2ID_reg_instruction_reg_1_/TI
    109.200  floating inst_IF2ID_reg_instruction_reg_2_/TI
    47.400  floating inst_ID2EX_reg_jump_address_reg_1_/TI
    30.000  floating inst_ID2EX_reg_jump_address_reg_2_/TI
    142.800  floating inst_ID2EX_reg_op_type_reg_3_/TI
    51.600  floating inst_EX2MEM_reg_op_type_reg_0_/TI
    32.400  floating u_MEM2WB_reg_write_reg_address_reg_0_/TI
    56.400  floating inst_ID2EX_reg_register_1_addr_reg_0_/TI
    32.400  floating u_MEM2WB_reg_write_reg_address_reg_1_/TI
    68.400  floating inst_EX2MEM_reg_write_mem_data_reg_0_/TI
    51.600  floating inst_ID2EX_reg_register_2_reg_2_/TI
    45.000  floating u_MEM2WB_reg_write_reg_address_reg_2_/TI
    35.400  floating u_MEM2WB_reg_write_reg_address_reg_3_/TI
    47.400  floating inst_EX2MEM_reg_write_reg_address_reg_3_/TI
    103.800  floating inst_EX2MEM_reg_write_reg_address_reg_4_/TI
    30.000  floating inst_EX2MEM_reg_write_reg_address_reg_2_/TI
    82.800  floating inst_EX2MEM_reg_write_reg_address_reg_1_/TI
    102.600  floating inst_EX2MEM_reg_write_reg_address_reg_0_/TI
    34.800  floating inst_ID2EX_reg_jump_address_reg_0_/TI
    61.200  floating inst_ID2EX_reg_op_type_reg_1_/TI
    44.400  floating inst_ID2EX_reg_op_type_reg_2_/TI
    47.400  floating inst_EX2MEM_reg_op_type_reg_1_/TI
    116.400  floating inst_EX2MEM_reg_op_type_reg_2_/TI
    70.800  floating inst_EX2MEM_reg_op_type_reg_3_/TI
    162.600  floating u_MEM2WB_reg_op_type_reg_0_/TI
    133.200  floating u_MEM2WB_reg_read_data_reg_2_/TI
    27.600  floating inst_EX2MEM_reg_write_mem_data_reg_3_/TI
    49.200  floating inst_EX2MEM_reg_write_mem_data_reg_2_/TI
    30.000  floating inst_EX2MEM_reg_jump_address_reg_0_/TI
    56.400  floating inst_data_MEM_data_reg_6__1_/TI
    34.800  floating inst_data_MEM_data_reg_0__0_/TI
    133.200  floating inst_data_MEM_data_reg_3__1_/TI
    27.600  floating inst_data_MEM_data_reg_6__2_/TI
    49.200  floating inst_data_MEM_data_reg_3__2_/TI
    99.600  floating inst_data_MEM_data_reg_3__3_/TI
    138.000  floating inst_data_MEM_data_reg_3__4_/TI
    166.800  floating inst_ID2EX_reg_address_reg_5_/TI
    20.400  floating inst_data_MEM_data_reg_3__5_/TI
    52.200  floating inst_data_MEM_data_reg_0__5_/TI
    82.800  floating inst_data_MEM_data_reg_6__5_/TI
    30.600  floating inst_data_MEM_data_reg_4__5_/TI
    28.200  floating inst_data_MEM_data_reg_6__6_/TI
    23.400  floating inst_data_MEM_data_reg_4__6_/TI
    28.200  floating inst_data_MEM_data_reg_4__7_/TI
    40.200  floating inst_data_MEM_data_reg_6__7_/TI
    40.200  floating inst_data_MEM_data_reg_6__8_/TI
    64.200  floating inst_data_MEM_data_reg_4__8_/TI
    66.600  floating inst_data_MEM_data_reg_4__9_/TI
    64.200  floating inst_data_MEM_data_reg_6__9_/TI
    66.600  floating inst_data_MEM_data_reg_4__10_/TI
    21.000  floating inst_data_MEM_data_reg_6__10_/TI
    49.800  floating inst_data_MEM_data_reg_4__11_/TI
    23.400  floating inst_data_MEM_data_reg_6__11_/TI
    23.400  floating inst_data_MEM_data_reg_4__12_/TI
    25.800  floating inst_data_MEM_data_reg_6__12_/TI
    37.800  floating inst_data_MEM_data_reg_6__13_/TI
    23.400  floating inst_data_MEM_data_reg_4__13_/TI
    25.800  floating inst_data_MEM_data_reg_6__14_/TI
    45.000  floating inst_data_MEM_data_reg_4__14_/TI
    30.600  floating inst_data_MEM_data_reg_6__15_/TI
    78.600  floating inst_data_MEM_data_reg_4__15_/TI
    25.800  floating inst_data_MEM_data_reg_6__16_/TI
    25.800  floating inst_data_MEM_data_reg_4__16_/TI
    58.200  floating inst_data_MEM_data_reg_0__17_/TI
    54.000  floating inst_data_MEM_data_reg_4__17_/TI
    142.800  floating inst_data_MEM_data_reg_3__17_/TI
    46.800  floating inst_data_MEM_data_reg_6__17_/TI
    105.000  floating inst_data_MEM_data_reg_4__18_/TI
    105.000  floating inst_data_MEM_data_reg_6__18_/TI
    105.000  floating inst_data_MEM_data_reg_0__18_/TI
    105.000  floating inst_data_MEM_data_reg_0__19_/TI
    130.800  floating inst_data_MEM_data_reg_3__20_/TI
    67.800  floating inst_data_MEM_data_reg_0__20_/TI
    54.000  floating inst_data_MEM_data_reg_4__19_/TI
    105.000  floating inst_data_MEM_data_reg_4__20_/TI
    105.000  floating inst_data_MEM_data_reg_6__19_/TI
    66.600  floating inst_data_MEM_data_reg_6__20_/TI
    54.000  floating inst_data_MEM_data_reg_6__21_/TI
    20.400  floating inst_EX2MEM_reg_write_mem_data_reg_18_/TI
    37.200  floating u_MEM2WB_reg_read_data_reg_16_/TI
    21.000  floating u_MEM2WB_reg_read_data_reg_17_/TI
    30.000  floating u_MEM2WB_reg_read_data_reg_18_/TI
    54.000  floating u_MEM2WB_reg_read_data_reg_19_/TI
    87.000  floating u_MEM2WB_reg_alu_result_reg_17_/TI
    44.400  floating u_MEM2WB_reg_alu_result_reg_18_/TI
    22.800  floating u_MEM2WB_reg_alu_result_reg_19_/TI
    104.400  floating u_MEM2WB_reg_read_data_reg_20_/TI
    154.800  floating inst_EX2MEM_reg_write_mem_data_reg_17_/TI
    97.800  floating inst_EX2MEM_reg_write_mem_data_reg_20_/TI
    90.000  floating inst_EX2MEM_reg_write_mem_data_reg_19_/TI
    21.000  floating inst_data_MEM_data_reg_7__20_/TI
    21.000  floating inst_data_MEM_data_reg_7__21_/TI
    82.800  floating inst_data_MEM_data_reg_7__22_/TI
    39.600  floating inst_EX2MEM_reg_write_mem_data_reg_22_/TI
    46.800  floating u_MEM2WB_reg_read_data_reg_14_/TI
    47.400  floating u_MEM2WB_reg_read_data_reg_21_/TI
    61.200  floating inst_EX2MEM_reg_write_mem_data_reg_15_/TI
    22.800  floating inst_EX2MEM_reg_write_mem_data_reg_21_/TI
    66.000  floating u_MEM2WB_reg_read_data_reg_15_/TI
    66.000  floating inst_EX2MEM_reg_write_mem_data_reg_16_/TI
    77.400  floating u_MEM2WB_reg_alu_result_reg_15_/TI
    150.600  floating u_MEM2WB_reg_alu_result_reg_14_/TI
    21.000  floating u_MEM2WB_reg_alu_result_reg_23_/TI
    30.600  floating u_MEM2WB_reg_alu_result_reg_13_/TI
    70.200  floating inst_EX2MEM_reg_alu_result_reg_14_/TI
    73.800  floating u_MEM2WB_reg_alu_result_reg_24_/TI
    100.200  floating u_MEM2WB_reg_read_data_reg_12_/TI
    66.600  floating u_MEM2WB_reg_read_data_reg_24_/TI
    46.800  floating inst_EX2MEM_reg_write_mem_data_reg_24_/TI
    21.000  floating inst_EX2MEM_reg_write_mem_data_reg_25_/TI
    49.200  floating inst_data_MEM_data_reg_7__25_/TI
    58.800  floating inst_data_MEM_data_reg_6__25_/TI
    59.400  floating inst_data_MEM_data_reg_6__26_/TI
    102.600  floating u_MEM2WB_reg_read_data_reg_11_/TI
    21.000  floating u_MEM2WB_reg_read_data_reg_26_/TI
    21.000  floating u_MEM2WB_reg_read_data_reg_10_/TI
    21.000  floating u_MEM2WB_reg_read_data_reg_27_/TI
    27.600  floating inst_EX2MEM_reg_write_mem_data_reg_10_/TI
    69.000  floating inst_EX2MEM_reg_write_mem_data_reg_28_/TI
    47.400  floating inst_EX2MEM_reg_write_mem_data_reg_9_/TI
    87.000  floating u_MEM2WB_reg_alu_result_reg_9_/TI
    66.000  floating u_MEM2WB_reg_alu_result_reg_29_/TI
    42.000  floating inst_EX2MEM_reg_alu_result_reg_9_/TI
    107.400  floating inst_EX2MEM_reg_alu_result_reg_10_/TI
    135.600  floating u_MEM2WB_reg_alu_result_reg_28_/TI
    63.600  floating u_MEM2WB_reg_alu_result_reg_10_/TI
    32.400  floating u_MEM2WB_reg_alu_result_reg_27_/TI
    44.400  floating inst_EX2MEM_reg_alu_result_reg_11_/TI
    54.000  floating u_MEM2WB_reg_alu_result_reg_11_/TI
    49.200  floating u_MEM2WB_reg_alu_result_reg_26_/TI
    22.800  floating inst_EX2MEM_reg_alu_result_reg_12_/TI
    65.400  floating u_MEM2WB_reg_alu_result_reg_12_/TI
    82.800  floating u_MEM2WB_reg_alu_result_reg_25_/TI
    61.200  floating inst_EX2MEM_reg_alu_result_reg_13_/TI
    150.000  floating u_MEM2WB_reg_read_data_reg_25_/TI
    66.000  floating inst_EX2MEM_reg_write_mem_data_reg_12_/TI
    92.400  floating inst_EX2MEM_reg_write_mem_data_reg_26_/TI
    23.400  floating inst_EX2MEM_reg_write_mem_data_reg_11_/TI
    21.000  floating inst_EX2MEM_reg_write_mem_data_reg_27_/TI
    92.400  floating inst_data_MEM_data_reg_7__26_/TI
    25.200  floating inst_data_MEM_data_reg_7__27_/TI
    61.200  floating inst_data_MEM_data_reg_4__27_/TI
    54.600  floating inst_data_MEM_data_reg_4__28_/TI
    66.600  floating inst_data_MEM_data_reg_4__29_/TI
    59.400  floating inst_data_MEM_data_reg_4__30_/TI
    68.400  floating inst_data_MEM_data_reg_6__31_/TI
    44.400  floating inst_data_MEM_data_reg_5__31_/TI
    63.000  floating inst_data_MEM_data_reg_0__31_/TI
    21.000  floating inst_data_MEM_data_reg_3__31_/TI
    136.200  floating inst_data_MEM_data_reg_4__31_/TI
    102.000  floating inst_EX2MEM_reg_write_mem_data_reg_7_/TI
    73.200  floating inst_EX2MEM_reg_write_mem_data_reg_6_/TI
    73.800  floating inst_data_MEM_data_reg_7__31_/TI
    69.000  floating u_MEM2WB_reg_read_data_reg_31_/TI
    51.600  floating u_MEM2WB_reg_alu_result_reg_6_/TI
    75.600  floating u_MEM2WB_reg_alu_result_reg_5_/TI
    21.000  floating u_MEM2WB_reg_alu_result_reg_4_/TI
    103.800  floating u_MEM2WB_reg_alu_result_reg_1_/TI
    80.400  floating inst_EX2MEM_reg_write_mem_data_reg_4_/TI
    46.800  floating inst_data_MEM_data_reg_7__1_/TI
    90.000  floating inst_data_MEM_data_reg_4__0_/TI
    30.600  floating inst_data_MEM_data_reg_4__1_/TI
    44.400  floating inst_data_MEM_data_reg_6__0_/TI
    95.400  floating inst_data_MEM_data_reg_5__1_/TI
    85.200  floating inst_data_MEM_data_reg_7__2_/TI
    51.600  floating inst_data_MEM_data_reg_3__0_/TI
    75.000  floating inst_data_MEM_data_reg_7__3_/TI
    22.800  floating inst_data_MEM_data_reg_5__2_/TI
    54.600  floating inst_data_MEM_data_reg_4__2_/TI
    126.000  floating inst_data_MEM_data_reg_6__3_/TI
    66.600  floating inst_data_MEM_data_reg_5__3_/TI
    56.400  floating inst_data_MEM_data_reg_5__4_/TI
    44.400  floating inst_data_MEM_data_reg_2__3_/TI
    18.000  floating inst_data_MEM_data_reg_4__4_/TI
    90.600  floating inst_data_MEM_data_reg_2__4_/TI
    21.000  floating inst_data_MEM_data_reg_1__4_/TI
    23.400  floating inst_data_MEM_data_reg_1__5_/TI
    148.200  floating inst_data_MEM_data_reg_0__8_/TI
    54.600  floating inst_data_MEM_data_reg_3__8_/TI
    21.000  floating inst_data_MEM_data_reg_0__9_/TI
    47.400  floating inst_data_MEM_data_reg_3__9_/TI
    66.600  floating inst_data_MEM_data_reg_3__10_/TI
    72.600  floating inst_data_MEM_data_reg_0__10_/TI
    152.400  floating inst_data_MEM_data_reg_1__12_/TI
    165.000  floating inst_data_MEM_data_reg_1__14_/TI
    63.600  floating inst_data_MEM_data_reg_2__14_/TI
    42.000  floating inst_data_MEM_data_reg_5__14_/TI
    61.200  floating inst_data_MEM_data_reg_2__15_/TI
    21.000  floating inst_data_MEM_data_reg_2__17_/TI
    27.600  floating inst_data_MEM_data_reg_2__18_/TI
    49.200  floating inst_data_MEM_data_reg_1__21_/TI
    37.200  floating inst_data_MEM_data_reg_1__20_/TI
    162.000  floating inst_data_MEM_data_reg_0__22_/TI
    54.000  floating inst_data_MEM_data_reg_5__21_/TI
    35.400  floating inst_data_MEM_data_reg_5__22_/TI
    35.400  floating inst_data_MEM_data_reg_5__23_/TI
    88.200  floating inst_data_MEM_data_reg_4__23_/TI
    54.600  floating inst_data_MEM_data_reg_4__24_/TI
    78.600  floating inst_data_MEM_data_reg_4__25_/TI
    52.200  floating inst_data_MEM_data_reg_4__26_/TI
    56.400  floating inst_data_MEM_data_reg_6__27_/TI
    145.800  floating inst_data_MEM_data_reg_6__28_/TI
    27.600  floating inst_data_MEM_data_reg_7__28_/TI
    100.200  floating u_MEM2WB_reg_read_data_reg_9_/TI
    21.000  floating u_MEM2WB_reg_read_data_reg_28_/TI
    42.000  floating u_MEM2WB_reg_read_data_reg_8_/TI
    51.600  floating inst_EX2MEM_reg_write_mem_data_reg_29_/TI
    70.200  floating inst_data_MEM_data_reg_7__29_/TI
    20.400  floating inst_data_MEM_data_reg_6__29_/TI
    109.800  floating inst_data_MEM_data_reg_6__30_/TI
    82.800  floating inst_EX2MEM_reg_write_mem_data_reg_8_/TI
    25.200  floating u_MEM2WB_reg_read_data_reg_29_/TI
    82.200  floating u_MEM2WB_reg_alu_result_reg_8_/TI
    37.200  floating u_MEM2WB_reg_alu_result_reg_30_/TI
    85.800  floating inst_EX2MEM_reg_alu_result_reg_8_/TI
    58.800  floating inst_EX2MEM_reg_alu_result_reg_7_/TI
    73.800  floating u_MEM2WB_reg_alu_result_reg_31_/TI
    49.200  floating u_MEM2WB_reg_alu_result_reg_7_/TI
    21.000  floating u_MEM2WB_reg_read_data_reg_30_/TI
    75.000  floating inst_data_MEM_data_reg_7__30_/TI
    42.000  floating inst_EX2MEM_reg_write_mem_data_reg_30_/TI
    21.000  floating u_MEM2WB_reg_read_data_reg_7_/TI
    30.600  floating inst_EX2MEM_reg_write_mem_data_reg_31_/TI
    25.800  floating u_MEM2WB_reg_read_data_reg_6_/TI
    145.800  floating inst_data_MEM_data_reg_5__0_/TI
    32.400  floating inst_data_MEM_data_reg_7__0_/TI
    44.400  floating inst_EX2MEM_reg_write_mem_data_reg_5_/TI
    32.400  floating u_MEM2WB_reg_read_data_reg_5_/TI
    21.000  floating u_MEM2WB_reg_read_data_reg_4_/TI
    27.600  floating u_MEM2WB_reg_read_data_reg_3_/TI
    51.600  floating u_MEM2WB_reg_alu_result_reg_2_/TI
    54.000  floating u_MEM2WB_reg_read_data_reg_1_/TI
    21.000  floating u_MEM2WB_reg_read_data_reg_0_/TI
    54.000  floating inst_EX2MEM_reg_write_mem_data_reg_1_/TI
    51.600  floating inst_ID2EX_reg_jump_address_reg_3_/TI
    58.800  floating inst_ID2EX_reg_jump_address_reg_4_/TI
    111.000  floating inst_ID2EX_reg_jump_address_reg_6_/TI
    60.600  floating inst_EX2MEM_reg_shifted_address_reg_0_/TI
    61.200  floating inst_IF2ID_reg_inst_address_reg_0_/TI
    78.000  floating inst_EX2MEM_reg_jump_address_reg_1_/TI
    66.600  floating inst_data_MEM_data_reg_0__1_/TI
    183.000  floating inst_data_MEM_data_reg_0__2_/TI
    82.800  floating inst_data_MEM_data_reg_0__3_/TI
    70.800  floating inst_data_MEM_data_reg_0__4_/TI
    21.000  floating inst_data_MEM_data_reg_4__3_/TI
    94.800  floating inst_data_MEM_data_reg_6__4_/TI
    114.600  floating inst_data_MEM_data_reg_0__6_/TI
    85.800  floating inst_data_MEM_data_reg_3__6_/TI
    85.800  floating inst_data_MEM_data_reg_0__7_/TI
    30.000  floating inst_data_MEM_data_reg_3__7_/TI
    87.600  floating inst_data_MEM_data_reg_1__6_/TI
    61.800  floating inst_data_MEM_data_reg_1__7_/TI
    21.000  floating inst_data_MEM_data_reg_1__8_/TI
    59.400  floating inst_data_MEM_data_reg_1__9_/TI
    118.200  floating inst_data_MEM_data_reg_5__9_/TI
    83.400  floating inst_data_MEM_data_reg_5__10_/TI
    60.600  floating inst_data_MEM_data_reg_1__27_/TI
    34.800  floating inst_data_MEM_data_reg_1__28_/TI
    112.200  floating inst_data_MEM_data_reg_2__27_/TI
    94.200  floating inst_data_MEM_data_reg_7__10_/TI
    51.600  floating inst_data_MEM_data_reg_1__26_/TI
    100.200  floating inst_data_MEM_data_reg_1__25_/TI
    20.400  floating inst_data_MEM_data_reg_1__24_/TI
    20.400  floating inst_data_MEM_data_reg_7__13_/TI
    64.200  floating inst_data_MEM_data_reg_7__14_/TI
    39.600  floating inst_data_MEM_data_reg_1__22_/TI
    30.600  floating inst_data_MEM_data_reg_1__23_/TI
    51.600  floating inst_data_MEM_data_reg_2__23_/TI
    27.600  floating inst_data_MEM_data_reg_2__22_/TI
    57.000  floating inst_data_MEM_data_reg_2__24_/TI
    44.400  floating inst_data_MEM_data_reg_3__24_/TI
    128.400  floating inst_data_MEM_data_reg_2__25_/TI
    44.400  floating inst_data_MEM_data_reg_3__25_/TI
    93.000  floating inst_data_MEM_data_reg_3__26_/TI
    142.800  floating inst_data_MEM_data_reg_2__26_/TI
    91.800  floating inst_data_MEM_data_reg_7__11_/TI
    33.000  floating inst_data_MEM_data_reg_7__12_/TI
    37.200  floating inst_data_MEM_data_reg_5__12_/TI
    51.600  floating inst_data_MEM_data_reg_2__12_/TI
    61.800  floating inst_data_MEM_data_reg_2__13_/TI
    42.000  floating inst_data_MEM_data_reg_5__13_/TI
    183.600  floating inst_data_MEM_data_reg_2__16_/TI
    80.400  floating inst_data_MEM_data_reg_1__18_/TI
    63.000  floating inst_data_MEM_data_reg_7__15_/TI
    25.200  floating inst_data_MEM_data_reg_1__19_/TI
    105.000  floating inst_data_MEM_data_reg_2__19_/TI
    85.800  floating inst_data_MEM_data_reg_5__20_/TI
    23.400  floating inst_data_MEM_data_reg_2__20_/TI
    28.200  floating inst_data_MEM_data_reg_2__21_/TI
    56.400  floating inst_data_MEM_data_reg_3__22_/TI
    46.800  floating inst_data_MEM_data_reg_3__23_/TI
    54.000  floating inst_data_MEM_data_reg_0__23_/TI
    133.800  floating inst_data_MEM_data_reg_0__24_/TI
    20.400  floating inst_data_MEM_data_reg_5__24_/TI
    40.200  floating inst_data_MEM_data_reg_5__25_/TI
    20.400  floating inst_data_MEM_data_reg_0__25_/TI
    40.200  floating inst_data_MEM_data_reg_5__26_/TI
    63.600  floating inst_data_MEM_data_reg_0__26_/TI
    63.600  floating inst_data_MEM_data_reg_5__27_/TI
    54.000  floating inst_data_MEM_data_reg_0__27_/TI
    51.000  floating inst_data_MEM_data_reg_3__27_/TI
    112.200  floating inst_data_MEM_data_reg_3__28_/TI
    68.400  floating inst_data_MEM_data_reg_0__28_/TI
    79.800  floating inst_data_MEM_data_reg_5__28_/TI
    30.600  floating inst_data_MEM_data_reg_0__29_/TI
    25.200  floating inst_data_MEM_data_reg_5__29_/TI
    135.600  floating inst_data_MEM_data_reg_5__30_/TI
    70.800  floating inst_data_MEM_data_reg_3__30_/TI
    30.000  floating inst_data_MEM_data_reg_0__30_/TI
    33.000  floating inst_data_MEM_data_reg_3__29_/TI
    114.600  floating inst_data_MEM_data_reg_2__29_/TI
    70.800  floating inst_data_MEM_data_reg_1__29_/TI
    21.000  floating inst_data_MEM_data_reg_2__28_/TI
    46.800  floating inst_data_MEM_data_reg_7__9_/TI
    45.000  floating inst_data_MEM_data_reg_7__8_/TI
    58.200  floating inst_data_MEM_data_reg_2__30_/TI
    44.400  floating inst_data_MEM_data_reg_1__30_/TI
    25.200  floating inst_data_MEM_data_reg_7__7_/TI
    25.200  floating inst_data_MEM_data_reg_7__6_/TI
    97.200  floating inst_data_MEM_data_reg_1__31_/TI
    21.000  floating inst_data_MEM_data_reg_2__31_/TI
    49.200  floating inst_data_MEM_data_reg_7__5_/TI
    51.600  floating inst_data_MEM_data_reg_1__1_/TI
    85.200  floating inst_data_MEM_data_reg_1__0_/TI
    99.600  floating inst_data_MEM_data_reg_2__0_/TI
    51.600  floating inst_data_MEM_data_reg_2__1_/TI
    70.200  floating inst_data_MEM_data_reg_7__4_/TI
    69.000  floating inst_data_MEM_data_reg_2__2_/TI
    25.200  floating inst_data_MEM_data_reg_1__2_/TI
    105.000  floating inst_data_MEM_data_reg_1__3_/TI
    80.400  floating inst_data_MEM_data_reg_5__5_/TI
    34.800  floating inst_data_MEM_data_reg_2__5_/TI
    37.800  floating inst_data_MEM_data_reg_2__6_/TI
    84.600  floating inst_data_MEM_data_reg_5__6_/TI
    70.800  floating inst_data_MEM_data_reg_2__7_/TI
    66.000  floating inst_data_MEM_data_reg_5__7_/TI
    28.200  floating inst_data_MEM_data_reg_5__8_/TI
    51.600  floating inst_data_MEM_data_reg_2__8_/TI
    104.400  floating inst_data_MEM_data_reg_2__9_/TI
    81.000  floating inst_data_MEM_data_reg_1__10_/TI
    18.000  floating inst_data_MEM_data_reg_2__10_/TI
    109.800  floating inst_data_MEM_data_reg_2__11_/TI
    61.200  floating inst_data_MEM_data_reg_5__11_/TI
    117.000  floating inst_data_MEM_data_reg_1__11_/TI
    142.800  floating inst_data_MEM_data_reg_3__11_/TI
    66.600  floating inst_data_MEM_data_reg_0__11_/TI
    21.000  floating inst_data_MEM_data_reg_3__12_/TI
    61.200  floating inst_data_MEM_data_reg_0__12_/TI
    66.600  floating inst_data_MEM_data_reg_1__13_/TI
    49.200  floating inst_data_MEM_data_reg_3__13_/TI
    20.400  floating inst_data_MEM_data_reg_0__13_/TI
    46.800  floating inst_data_MEM_data_reg_3__14_/TI
    76.200  floating inst_data_MEM_data_reg_0__14_/TI
    104.400  floating inst_data_MEM_data_reg_1__15_/TI
    69.000  floating inst_data_MEM_data_reg_1__16_/TI
    66.000  floating inst_data_MEM_data_reg_1__17_/TI
    44.400  floating inst_data_MEM_data_reg_0__15_/TI
    56.400  floating inst_data_MEM_data_reg_3__15_/TI
    111.600  floating inst_data_MEM_data_reg_0__16_/TI
    25.200  floating inst_data_MEM_data_reg_3__16_/TI
    114.600  floating inst_data_MEM_data_reg_5__15_/TI
    61.200  floating inst_data_MEM_data_reg_5__16_/TI
    53.400  floating inst_data_MEM_data_reg_5__17_/TI
    21.000  floating inst_data_MEM_data_reg_3__18_/TI
    67.800  floating inst_data_MEM_data_reg_3__19_/TI
    66.600  floating inst_data_MEM_data_reg_7__16_/TI
    53.400  floating inst_data_MEM_data_reg_7__17_/TI
    54.000  floating inst_data_MEM_data_reg_5__18_/TI
    73.200  floating inst_data_MEM_data_reg_5__19_/TI
    67.800  floating inst_data_MEM_data_reg_3__21_/TI
    44.400  floating inst_data_MEM_data_reg_7__18_/TI
    93.000  floating inst_data_MEM_data_reg_0__21_/TI
    82.800  floating inst_data_MEM_data_reg_4__21_/TI
    78.000  floating inst_data_MEM_data_reg_7__19_/TI
    59.400  floating inst_data_MEM_data_reg_4__22_/TI
    54.000  floating inst_data_MEM_data_reg_6__22_/TI
    49.800  floating inst_data_MEM_data_reg_6__23_/TI
    64.200  floating inst_data_MEM_data_reg_6__24_/TI
    75.000  floating inst_data_MEM_data_reg_7__24_/TI
    39.600  floating inst_EX2MEM_reg_write_mem_data_reg_13_/TI
    75.600  floating u_MEM2WB_reg_read_data_reg_23_/TI
    51.600  floating u_MEM2WB_reg_read_data_reg_13_/TI
    42.000  floating inst_EX2MEM_reg_write_mem_data_reg_23_/TI
    66.600  floating inst_data_MEM_data_reg_7__23_/TI
    39.600  floating inst_EX2MEM_reg_write_mem_data_reg_14_/TI
    82.800  floating u_MEM2WB_reg_read_data_reg_22_/TI
    55.800  floating u_MEM2WB_reg_alu_result_reg_22_/TI
    49.800  floating u_MEM2WB_reg_alu_result_reg_21_/TI
    18.000  floating inst_EX2MEM_reg_alu_result_reg_15_/TI
    85.200  floating inst_EX2MEM_reg_alu_result_reg_16_/TI
    73.800  floating inst_EX2MEM_reg_alu_result_reg_17_/TI
    78.600  floating u_MEM2WB_reg_alu_result_reg_16_/TI
    21.000  floating u_MEM2WB_reg_alu_result_reg_20_/TI
    85.200  floating inst_EX2MEM_reg_alu_result_reg_18_/TI
    51.600  floating inst_EX2MEM_reg_alu_result_reg_19_/TI
    159.000  floating inst_EX2MEM_reg_alu_result_reg_20_/TI
    121.200  floating inst_EX2MEM_reg_alu_result_reg_21_/TI
    70.800  floating inst_EX2MEM_reg_alu_result_reg_22_/TI
    126.000  floating inst_EX2MEM_reg_alu_result_reg_23_/TI
    59.400  floating inst_EX2MEM_reg_alu_result_reg_24_/TI
    59.400  floating inst_EX2MEM_reg_alu_result_reg_25_/TI
    30.600  floating inst_EX2MEM_reg_alu_result_reg_26_/TI
    54.600  floating inst_EX2MEM_reg_alu_result_reg_27_/TI
    140.400  floating inst_EX2MEM_reg_alu_result_reg_28_/TI
    70.800  floating inst_EX2MEM_reg_alu_result_reg_29_/TI
    57.000  floating inst_EX2MEM_reg_alu_result_reg_30_/TI
    76.200  floating inst_EX2MEM_reg_alu_result_reg_31_/TI
    167.400  floating inst_EX2MEM_reg_alu_result_reg_0_/TI
    188.400  floating inst_EX2MEM_reg_alu_result_reg_5_/TI
    49.200  floating inst_EX2MEM_reg_alu_result_reg_6_/TI
    22.800  floating inst_EX2MEM_reg_alu_result_reg_1_/TI
    37.800  floating inst_EX2MEM_reg_alu_result_reg_2_/TI
    30.000  floating inst_EX2MEM_reg_alu_result_reg_4_/TI
    27.600  floating inst_EX2MEM_reg_alu_result_reg_3_/TI
    97.800  floating u_MEM2WB_reg_alu_result_reg_3_/TI
    21.000  floating u_MEM2WB_reg_op_type_reg_1_/TI
    95.400  floating u_MEM2WB_reg_op_type_reg_2_/TI
    49.200  floating u_MEM2WB_reg_op_type_reg_3_/TI
    72.600  floating inst_ID2EX_reg_jump_address_reg_5_/TI
    73.200  floating inst_IF2ID_reg_instruction_reg_3_/TI
    81.000  floating inst_IF2ID_reg_instruction_reg_4_/TI
    136.200  floating inst_IF2ID_reg_instruction_reg_5_/TI
    49.200  floating inst_ID2EX_reg_address_reg_0_/TI
    58.200  floating inst_ID2EX_reg_address_reg_1_/TI
    20.400  floating inst_EX2MEM_reg_shifted_address_reg_1_/TI
    56.400  floating inst_EX2MEM_reg_shifted_address_reg_2_/TI
    25.200  floating inst_ID2EX_reg_address_reg_2_/TI
    75.600  floating inst_ID2EX_reg_address_reg_3_/TI
    22.800  floating inst_EX2MEM_reg_jump_address_reg_2_/TI
    109.200  floating inst_EX2MEM_reg_shifted_address_reg_3_/TI
    47.400  floating inst_ID2EX_reg_address_reg_4_/TI
    34.800  floating inst_EX2MEM_reg_jump_address_reg_3_/TI
    73.200  floating inst_EX2MEM_reg_jump_address_reg_4_/TI
    27.600  floating inst_EX2MEM_reg_shifted_address_reg_4_/TI
    61.200  floating inst_EX2MEM_reg_jump_address_reg_5_/TI
    104.400  floating inst_EX2MEM_reg_shifted_address_reg_5_/TI
    23.400  floating inst_EX2MEM_reg_shifted_address_reg_6_/TI
    54.000  floating inst_PC_inst_addr_reg_4_/TI
    90.000  floating inst_ID2EX_reg_address_reg_7_/TI
    23.400  floating inst_ID2EX_reg_address_reg_6_/TI
    124.200  floating inst_IF2ID_reg_inst_address_reg_5_/TI
    42.000  floating inst_ID2EX_reg_address_reg_8_/TI
    80.400  floating inst_IF2ID_reg_inst_address_reg_6_/TI
    35.400  floating inst_IF2ID_reg_inst_address_reg_7_/TI
    23.400  floating inst_IF2ID_reg_inst_address_reg_8_/TI
    147.600  floating inst_PC_inst_addr_reg_8_/TI
    78.000  floating inst_IF2ID_reg_inst_address_reg_9_/TI
    209.400  floating inst_EX2MEM_reg_jump_address_reg_9_/TI
    84.600  floating inst_EX2MEM_reg_jump_address_reg_10_/TI
    20.400  floating inst_ID2EX_reg_address_reg_11_/TI
    92.400  floating inst_EX2MEM_reg_shifted_address_reg_11_/TI
    83.400  floating inst_EX2MEM_reg_shifted_address_reg_10_/TI
    42.000  floating inst_ID2EX_reg_address_reg_10_/TI
    64.200  floating inst_IF2ID_reg_inst_address_reg_4_/TI
    85.800  floating inst_ID2EX_reg_jump_address_reg_8_/TI
    66.600  floating inst_IF2ID_reg_inst_address_reg_2_/TI
    67.800  floating inst_IF2ID_reg_inst_address_reg_3_/TI
    82.200  floating inst_PC_inst_addr_reg_2_/TI
    34.800  floating inst_PC_inst_addr_reg_3_/TI
    97.800  floating inst_EX2MEM_reg_jump_address_reg_7_/TI
    80.400  floating inst_EX2MEM_reg_jump_address_reg_6_/TI
    58.800  floating inst_EX2MEM_reg_shifted_address_reg_7_/TI
    121.800  floating inst_PC_inst_addr_reg_5_/TI
    23.400  floating inst_PC_inst_addr_reg_6_/TI
    37.200  floating inst_PC_inst_addr_reg_7_/TI
    58.800  floating inst_ID2EX_reg_address_reg_9_/TI
    49.200  floating inst_EX2MEM_reg_shifted_address_reg_8_/TI
    75.600  floating inst_EX2MEM_reg_jump_address_reg_8_/TI
    21.000  floating inst_EX2MEM_reg_shifted_address_reg_9_/TI
    44.400  floating inst_PC_inst_addr_reg_9_/TI
    78.000  floating inst_IF2ID_reg_inst_address_reg_10_/TI
    111.600  floating inst_PC_inst_addr_reg_10_/TI
    80.400  floating inst_IF2ID_reg_inst_address_reg_11_/TI
    87.000  floating inst_PC_inst_addr_reg_11_/TI
    102.600  floating inst_IF2ID_reg_instruction_reg_9_/TI
    37.200  floating inst_IF2ID_reg_instruction_reg_10_/TI
    49.200  floating inst_EX2MEM_reg_jump_address_reg_11_/TI
    44.400  floating inst_EX2MEM_reg_shifted_address_reg_12_/TI
    35.400  floating inst_PC_inst_addr_reg_12_/TI
    51.600  floating inst_IF2ID_reg_inst_address_reg_12_/TI
    54.600  floating inst_ID2EX_reg_address_reg_12_/TI
    20.400  floating inst_IF2ID_reg_instruction_reg_11_/TI
    95.400  floating inst_ID2EX_reg_address_reg_13_/TI
    78.000  floating inst_IF2ID_reg_instruction_reg_12_/TI
    65.400  floating inst_EX2MEM_reg_jump_address_reg_13_/TI
    27.600  floating inst_ID2EX_reg_address_reg_14_/TI
    88.200  floating inst_IF2ID_reg_instruction_reg_13_/TI
    49.200  floating inst_IF2ID_reg_instruction_reg_14_/TI
    51.600  floating inst_ID2EX_reg_jump_address_reg_13_/TI
    25.200  floating inst_IF2ID_reg_instruction_reg_26_/TI
    174.000  floating inst_ID2EX_reg_jump_address_reg_12_/TI
    68.400  floating inst_IF2ID_reg_instruction_reg_27_/TI
    76.200  floating inst_IF2ID_reg_instruction_reg_28_/TI
    66.000  floating inst_IF2ID_reg_instruction_reg_29_/TI
    77.400  floating inst_IF2ID_reg_instruction_reg_30_/TI
    39.600  floating inst_IF2ID_reg_instruction_reg_31_/TI
    44.400  floating inst_IF2ID_reg_instruction_reg_6_/TI
    58.200  floating inst_PC_inst_addr_reg_0_/TI
    126.000  floating inst_PC_inst_addr_reg_1_/TI
    27.600  floating inst_IF2ID_reg_inst_address_reg_1_/TI
    63.600  floating inst_ID2EX_reg_jump_address_reg_9_/TI
    73.200  floating inst_IF2ID_reg_instruction_reg_8_/TI
    58.800  floating inst_IF2ID_reg_instruction_reg_7_/TI
    67.800  floating inst_ID2EX_reg_jump_address_reg_7_/TI
    68.400  floating inst_ID2EX_reg_jump_address_reg_10_/TI
    114.600  floating inst_ID2EX_reg_jump_address_reg_11_/TI
    145.200  floating inst_EX2MEM_reg_jump_address_reg_12_/TI
    42.000  floating inst_EX2MEM_reg_shifted_address_reg_13_/TI
    35.400  floating inst_IF2ID_reg_inst_address_reg_13_/TI
    138.000  floating inst_PC_inst_addr_reg_13_/TI
    27.600  floating inst_PC_inst_addr_reg_14_/TI
    47.400  floating inst_EX2MEM_reg_shifted_address_reg_14_/TI
    105.000  floating inst_IF2ID_reg_inst_address_reg_14_/TI
    51.600  floating inst_EX2MEM_reg_jump_address_reg_14_/TI
    30.000  floating inst_IF2ID_reg_inst_address_reg_15_/TI
    83.400  floating inst_EX2MEM_reg_jump_address_reg_15_/TI
    104.400  floating inst_IF2ID_reg_inst_address_reg_17_/TI
    34.800  floating inst_ID2EX_reg_address_reg_17_/TI
    68.400  floating inst_EX2MEM_reg_shifted_address_reg_17_/TI
    27.600  floating inst_PC_inst_addr_reg_18_/TI
    75.600  floating inst_EX2MEM_reg_shifted_address_reg_18_/TI
    105.000  floating inst_PC_inst_addr_reg_17_/TI
    165.000  floating inst_PC_inst_addr_reg_16_/TI
    141.000  floating inst_EX2MEM_reg_shifted_address_reg_16_/TI
    21.000  floating inst_IF2ID_reg_inst_address_reg_16_/TI
    109.200  floating inst_ID2EX_reg_address_reg_16_/TI
    44.400  floating inst_EX2MEM_reg_jump_address_reg_16_/TI
    70.800  floating inst_EX2MEM_reg_jump_address_reg_17_/TI
    80.400  floating inst_EX2MEM_reg_jump_address_reg_18_/TI
    66.000  floating inst_EX2MEM_reg_jump_address_reg_19_/TI
    54.000  floating inst_IF2ID_reg_instruction_reg_16_/TI
    58.200  floating inst_IF2ID_reg_instruction_reg_25_/TI
    34.800  floating inst_EX2MEM_reg_jump_address_reg_20_/TI
    102.000  floating inst_IF2ID_reg_instruction_reg_24_/TI
    70.200  floating inst_IF2ID_reg_instruction_reg_20_/TI
    27.600  floating inst_IF2ID_reg_instruction_reg_21_/TI
    54.000  floating inst_EX2MEM_reg_jump_address_reg_21_/TI
    68.400  floating inst_EX2MEM_reg_jump_address_reg_22_/TI
    94.800  floating inst_EX2MEM_reg_jump_address_reg_23_/TI
    97.800  floating inst_EX2MEM_reg_jump_address_reg_24_/TI
    102.000  floating inst_EX2MEM_reg_jump_address_reg_25_/TI
    133.200  floating inst_IF2ID_reg_inst_address_reg_31_/TI
    51.600  floating inst_PC_inst_addr_reg_25_/TI
    99.600  floating inst_PC_inst_addr_reg_24_/TI
    27.600  floating inst_PC_inst_addr_reg_23_/TI
    71.400  floating inst_PC_inst_addr_reg_26_/TI
    21.000  floating inst_PC_inst_addr_reg_27_/TI
    97.800  floating inst_IF2ID_reg_inst_address_reg_27_/TI
    52.200  floating inst_IF2ID_reg_inst_address_reg_26_/TI
    89.400  floating inst_IF2ID_reg_inst_address_reg_25_/TI
    51.600  floating inst_IF2ID_reg_inst_address_reg_24_/TI
    42.000  floating inst_IF2ID_reg_inst_address_reg_23_/TI
    81.000  floating inst_EX2MEM_reg_shifted_address_reg_22_/TI
    54.000  floating inst_EX2MEM_reg_shifted_address_reg_23_/TI
    21.000  floating inst_EX2MEM_reg_shifted_address_reg_24_/TI
    44.400  floating inst_EX2MEM_reg_shifted_address_reg_25_/TI
    30.000  floating inst_EX2MEM_reg_shifted_address_reg_26_/TI
    25.200  floating inst_EX2MEM_reg_shifted_address_reg_27_/TI
    23.400  floating inst_EX2MEM_reg_shifted_address_reg_28_/TI
    44.400  floating inst_ID2EX_reg_address_reg_29_/TI
    44.400  floating inst_ID2EX_reg_address_reg_30_/TI
    61.800  floating inst_register_registers_reg_2__4_/TI
    174.000  floating inst_register_registers_reg_2__5_/TI
    71.400  floating inst_register_registers_reg_3__5_/TI
    94.800  floating inst_register_registers_reg_2__6_/TI
    55.800  floating inst_register_registers_reg_3__6_/TI
    105.000  floating inst_register_registers_reg_3__7_/TI
    58.800  floating inst_register_registers_reg_2__7_/TI
    102.600  floating inst_register_registers_reg_1__7_/TI
    44.400  floating inst_register_registers_reg_3__8_/TI
    51.600  floating inst_register_registers_reg_2__8_/TI
    126.600  floating inst_register_registers_reg_2__9_/TI
    52.200  floating inst_register_registers_reg_2__10_/TI
    102.600  floating inst_register_registers_reg_2__11_/TI
    64.200  floating inst_register_registers_reg_2__12_/TI
    44.400  floating inst_register_registers_reg_2__13_/TI
    93.000  floating inst_register_registers_reg_7__14_/TI
    59.400  floating inst_register_registers_reg_7__15_/TI
    102.600  floating inst_register_registers_reg_7__16_/TI
    34.800  floating inst_register_registers_reg_3__16_/TI
    102.600  floating inst_register_registers_reg_3__17_/TI
    42.000  floating inst_register_registers_reg_7__17_/TI
    94.800  floating inst_register_registers_reg_1__17_/TI
    54.000  floating inst_register_registers_reg_3__18_/TI
    63.600  floating inst_register_registers_reg_5__17_/TI
    150.000  floating inst_register_registers_reg_5__18_/TI
    94.800  floating inst_register_registers_reg_7__19_/TI
    76.200  floating inst_register_registers_reg_7__20_/TI
    47.400  floating inst_register_registers_reg_3__19_/TI
    140.400  floating inst_register_registers_reg_3__20_/TI
    46.800  floating inst_register_registers_reg_5__19_/TI
    95.400  floating inst_register_registers_reg_5__20_/TI
    109.800  floating inst_register_registers_reg_5__21_/TI
    45.000  floating inst_register_registers_reg_5__22_/TI
    42.000  floating inst_register_registers_reg_1__22_/TI
    100.200  floating inst_register_registers_reg_2__22_/TI
    76.200  floating inst_register_registers_reg_3__22_/TI
    46.800  floating inst_register_registers_reg_7__22_/TI
    100.200  floating inst_register_registers_reg_3__23_/TI
    162.000  floating inst_register_registers_reg_1__23_/TI
    44.400  floating inst_register_registers_reg_5__23_/TI
    58.800  floating inst_register_registers_reg_1__24_/TI
    22.800  floating inst_register_registers_reg_5__24_/TI
    114.000  floating inst_register_registers_reg_0__24_/TI
    59.400  floating inst_register_registers_reg_0__25_/TI
    99.600  floating inst_register_registers_reg_0__26_/TI
    102.000  floating inst_register_registers_reg_0__27_/TI
    92.400  floating inst_register_registers_reg_0__28_/TI
    88.200  floating inst_register_registers_reg_0__29_/TI
    18.000  floating inst_register_registers_reg_5__29_/TI
    42.000  floating inst_register_registers_reg_1__29_/TI
    68.400  floating inst_register_registers_reg_5__30_/TI
    30.000  floating inst_register_registers_reg_0__30_/TI
    87.600  floating inst_register_registers_reg_0__31_/TI
    54.600  floating inst_register_registers_reg_4__0_/TI
    44.400  floating inst_register_registers_reg_5__0_/TI
    70.200  floating inst_register_registers_reg_1__0_/TI
    87.000  floating inst_register_registers_reg_2__0_/TI
    80.400  floating inst_register_registers_reg_6__0_/TI
    21.000  floating inst_register_registers_reg_3__1_/TI
    49.200  floating inst_register_registers_reg_7__2_/TI
    21.000  floating inst_register_registers_reg_6__1_/TI
    89.400  floating inst_register_registers_reg_4__4_/TI
    66.600  floating inst_register_registers_reg_4__5_/TI
    21.000  floating inst_register_registers_reg_7__1_/TI
    44.400  floating inst_register_registers_reg_4__6_/TI
    142.800  floating inst_register_registers_reg_5__6_/TI
    88.200  floating inst_register_registers_reg_5__7_/TI
    52.200  floating inst_register_registers_reg_5__8_/TI
    69.000  floating inst_register_registers_reg_5__9_/TI
    67.800  floating inst_register_registers_reg_0__9_/TI
    107.400  floating inst_register_registers_reg_0__10_/TI
    58.800  floating inst_register_registers_reg_1__11_/TI
    25.200  floating inst_register_registers_reg_0__11_/TI
    87.600  floating inst_register_registers_reg_1__12_/TI
    66.000  floating inst_register_registers_reg_0__12_/TI
    73.800  floating inst_register_registers_reg_0__13_/TI
    64.200  floating inst_register_registers_reg_0__14_/TI
    106.800  floating inst_register_registers_reg_5__14_/TI
    58.800  floating inst_register_registers_reg_4__14_/TI
    97.800  floating inst_register_registers_reg_7__24_/TI
    21.000  floating inst_register_registers_reg_6__24_/TI
    46.800  floating inst_ID2EX_reg_register_1_reg_13_/TI
    85.200  floating inst_ID2EX_reg_register_1_reg_14_/TI
    49.200  floating inst_register_registers_reg_7__23_/TI
    144.600  floating inst_register_registers_reg_2__23_/TI
    87.600  floating inst_register_registers_reg_2__24_/TI
    109.200  floating inst_register_registers_reg_3__24_/TI
    37.800  floating inst_register_registers_reg_3__25_/TI
    70.200  floating inst_register_registers_reg_2__25_/TI
    32.400  floating inst_register_registers_reg_1__25_/TI
    71.400  floating inst_register_registers_reg_5__25_/TI
    64.200  floating inst_register_registers_reg_5__26_/TI
    71.400  floating inst_register_registers_reg_5__27_/TI
    54.600  floating inst_register_registers_reg_5__28_/TI
    77.400  floating inst_register_registers_reg_1__28_/TI
    44.400  floating inst_register_registers_reg_2__28_/TI
    56.400  floating inst_register_registers_reg_2__29_/TI
    51.000  floating inst_register_registers_reg_3__29_/TI
    94.800  floating inst_register_registers_reg_7__29_/TI
    75.600  floating inst_ID2EX_reg_register_1_reg_9_/TI
    80.400  floating inst_register_registers_reg_5__10_/TI
    55.800  floating inst_register_registers_reg_4__10_/TI
    87.600  floating inst_ID2EX_reg_register_1_reg_10_/TI
    61.200  floating inst_register_registers_reg_7__28_/TI
    25.200  floating inst_register_registers_reg_6__27_/TI
    32.400  floating inst_register_registers_reg_7__27_/TI
    83.400  floating inst_register_registers_reg_4__11_/TI
    130.800  floating inst_register_registers_reg_5__11_/TI
    119.400  floating inst_register_registers_reg_5__12_/TI
    54.600  floating inst_register_registers_reg_5__13_/TI
    83.400  floating inst_register_registers_reg_4__13_/TI
    95.400  floating inst_register_registers_reg_7__25_/TI
    58.800  floating inst_register_registers_reg_6__25_/TI
    97.800  floating inst_ID2EX_reg_register_1_reg_12_/TI
    35.400  floating inst_register_registers_reg_4__12_/TI
    101.400  floating inst_register_registers_reg_7__26_/TI
    54.000  floating inst_ID2EX_reg_register_1_reg_11_/TI
    85.800  floating inst_register_registers_reg_6__26_/TI
    124.200  floating inst_register_registers_reg_3__26_/TI
    69.000  floating inst_register_registers_reg_2__26_/TI
    44.400  floating inst_register_registers_reg_1__26_/TI
    116.400  floating inst_register_registers_reg_1__27_/TI
    25.200  floating inst_register_registers_reg_2__27_/TI
    71.400  floating inst_register_registers_reg_3__27_/TI
    69.000  floating inst_register_registers_reg_3__28_/TI
    58.800  floating inst_register_registers_reg_6__28_/TI
    87.000  floating inst_register_registers_reg_4__9_/TI
    70.800  floating inst_register_registers_reg_6__29_/TI
    52.200  floating inst_register_registers_reg_6__30_/TI
    46.800  floating inst_ID2EX_reg_register_1_reg_8_/TI
    21.000  floating inst_register_registers_reg_7__30_/TI
    34.800  floating inst_register_registers_reg_4__8_/TI
    18.000  floating inst_ID2EX_reg_register_1_reg_7_/TI
    56.400  floating inst_register_registers_reg_6__31_/TI
    65.400  floating inst_register_registers_reg_3__31_/TI
    25.800  floating inst_register_registers_reg_3__30_/TI
    60.600  floating inst_register_registers_reg_2__30_/TI
    96.600  floating inst_register_registers_reg_1__30_/TI
    63.600  floating inst_register_registers_reg_5__31_/TI
    21.000  floating inst_register_registers_reg_1__31_/TI
    147.000  floating inst_register_registers_reg_2__31_/TI
    82.800  floating inst_register_registers_reg_7__31_/TI
    49.200  floating inst_register_registers_reg_4__7_/TI
    51.600  floating inst_register_registers_reg_7__0_/TI
    53.400  floating inst_register_registers_reg_3__0_/TI
    304.200  floating inst_register_registers_reg_2__2_/TI
    102.000  floating inst_PC_inst_addr_reg_31_/TI
    27.600  floating inst_ID2EX_reg_address_reg_31_/TI
    23.400  floating inst_EX2MEM_reg_shifted_address_reg_31_/TI
    27.600  floating inst_register_registers_reg_5__2_/TI
    49.200  floating inst_ID2EX_reg_register_1_addr_reg_1_/TI
    21.000  floating inst_ID2EX_reg_register_1_addr_reg_2_/TI
    37.200  floating inst_IF2ID_reg_instruction_reg_22_/TI
    87.600  floating inst_IF2ID_reg_instruction_reg_23_/TI
    25.200  floating inst_IF2ID_reg_instruction_reg_19_/TI
    90.000  floating inst_ID2EX_reg_register_1_addr_reg_3_/TI
    104.400  floating inst_IF2ID_reg_instruction_reg_18_/TI
    71.400  floating inst_IF2ID_reg_instruction_reg_17_/TI
    150.600  floating inst_ID2EX_reg_register_1_addr_reg_4_/TI
    73.200  floating inst_ID2EX_reg_register_2_addr_reg_3_/TI
    21.000  floating inst_ID2EX_reg_register_2_addr_reg_4_/TI
    162.000  floating inst_ID2EX_reg_address_reg_18_/TI
    42.000  floating inst_IF2ID_reg_inst_address_reg_18_/TI
    109.200  floating inst_IF2ID_reg_inst_address_reg_19_/TI
    21.000  floating inst_PC_inst_addr_reg_19_/TI
    47.400  floating inst_EX2MEM_reg_shifted_address_reg_19_/TI
    25.200  floating inst_ID2EX_reg_address_reg_19_/TI
    85.800  floating inst_PC_inst_addr_reg_20_/TI
    63.600  floating inst_IF2ID_reg_inst_address_reg_20_/TI
    106.800  floating inst_PC_inst_addr_reg_21_/TI
    78.000  floating inst_EX2MEM_reg_shifted_address_reg_20_/TI
    25.200  floating inst_ID2EX_reg_address_reg_20_/TI
    147.600  floating inst_PC_inst_addr_reg_22_/TI
    22.800  floating inst_IF2ID_reg_inst_address_reg_21_/TI
    105.000  floating inst_ID2EX_reg_address_reg_21_/TI
    51.600  floating inst_IF2ID_reg_inst_address_reg_22_/TI
    63.000  floating inst_EX2MEM_reg_shifted_address_reg_21_/TI
    65.400  floating inst_ID2EX_reg_address_reg_22_/TI
    84.600  floating inst_ID2EX_reg_address_reg_23_/TI
    23.400  floating inst_ID2EX_reg_address_reg_24_/TI
    21.000  floating inst_ID2EX_reg_address_reg_25_/TI
    39.600  floating inst_ID2EX_reg_address_reg_26_/TI
    22.800  floating inst_ID2EX_reg_address_reg_27_/TI
    51.600  floating inst_ID2EX_reg_address_reg_28_/TI
    78.000  floating inst_IF2ID_reg_inst_address_reg_28_/TI
    87.600  floating inst_IF2ID_reg_inst_address_reg_29_/TI
    93.000  floating inst_IF2ID_reg_inst_address_reg_30_/TI
    21.000  floating inst_EX2MEM_reg_shifted_address_reg_30_/TI
    47.400  floating inst_register_registers_reg_2__3_/TI
    51.600  floating inst_EX2MEM_reg_shifted_address_reg_29_/TI
    132.600  floating inst_register_registers_reg_6__3_/TI
    18.000  floating inst_register_registers_reg_6__4_/TI
    96.600  floating inst_register_registers_reg_7__3_/TI
    100.200  floating inst_register_registers_reg_7__4_/TI
    23.400  floating inst_register_registers_reg_6__5_/TI
    23.400  floating inst_register_registers_reg_7__5_/TI
    23.400  floating inst_register_registers_reg_7__6_/TI
    25.800  floating inst_register_registers_reg_6__6_/TI
    23.400  floating inst_register_registers_reg_7__7_/TI
    23.400  floating inst_register_registers_reg_6__7_/TI
    25.800  floating inst_register_registers_reg_7__8_/TI
    47.400  floating inst_register_registers_reg_6__8_/TI
    69.000  floating inst_register_registers_reg_7__9_/TI
    23.400  floating inst_register_registers_reg_6__9_/TI
    23.400  floating inst_register_registers_reg_7__10_/TI
    23.400  floating inst_register_registers_reg_6__10_/TI
    23.400  floating inst_register_registers_reg_7__11_/TI
    49.800  floating inst_register_registers_reg_6__11_/TI
    69.000  floating inst_register_registers_reg_7__12_/TI
    52.200  floating inst_register_registers_reg_6__12_/TI
    69.000  floating inst_register_registers_reg_7__13_/TI
    23.400  floating inst_register_registers_reg_6__13_/TI
    25.800  floating inst_register_registers_reg_2__14_/TI
    23.400  floating inst_register_registers_reg_6__14_/TI
    23.400  floating inst_register_registers_reg_2__15_/TI
    23.400  floating inst_register_registers_reg_6__15_/TI
    35.400  floating inst_register_registers_reg_2__16_/TI
    23.400  floating inst_register_registers_reg_6__16_/TI
    49.800  floating inst_register_registers_reg_2__17_/TI
    30.600  floating inst_register_registers_reg_6__17_/TI
    103.800  floating inst_register_registers_reg_7__18_/TI
    28.200  floating inst_register_registers_reg_2__18_/TI
    70.200  floating inst_register_registers_reg_6__18_/TI
    54.000  floating inst_register_registers_reg_1__18_/TI
    105.000  floating inst_register_registers_reg_0__17_/TI
    105.000  floating inst_register_registers_reg_0__18_/TI
    138.000  floating inst_register_registers_reg_6__19_/TI
    27.600  floating inst_register_registers_reg_2__19_/TI
    51.600  floating inst_register_registers_reg_6__20_/TI
    60.600  floating inst_register_registers_reg_2__20_/TI
    60.600  floating inst_register_registers_reg_1__19_/TI
    54.000  floating inst_register_registers_reg_1__20_/TI
    138.000  floating inst_register_registers_reg_0__19_/TI
    125.400  floating inst_register_registers_reg_0__21_/TI
    20.400  floating inst_register_registers_reg_0__20_/TI
    78.000  floating inst_ID2EX_reg_register_1_reg_18_/TI
    27.600  floating inst_ID2EX_reg_register_1_reg_19_/TI
    21.000  floating inst_ID2EX_reg_register_1_reg_20_/TI
    27.600  floating inst_ID2EX_reg_register_1_reg_17_/TI
    66.600  floating inst_ID2EX_reg_register_2_reg_19_/TI
    20.400  floating inst_ID2EX_reg_register_2_reg_20_/TI
    97.200  floating inst_ID2EX_reg_register_2_reg_18_/TI
    21.000  floating inst_ID2EX_reg_register_2_reg_17_/TI
    76.200  floating inst_ID2EX_reg_register_1_reg_16_/TI
    21.000  floating inst_ID2EX_reg_register_1_reg_21_/TI
    21.000  floating inst_register_registers_reg_4__22_/TI
    117.000  floating inst_register_registers_reg_0__22_/TI
    64.200  floating inst_register_registers_reg_0__23_/TI
    84.600  floating inst_register_registers_reg_4__23_/TI
    94.800  floating inst_ID2EX_reg_register_2_reg_23_/TI
    58.800  floating inst_ID2EX_reg_register_2_reg_14_/TI
    121.200  floating inst_ID2EX_reg_register_2_reg_24_/TI
    39.600  floating inst_ID2EX_reg_register_1_reg_24_/TI
    21.000  floating inst_register_registers_reg_4__25_/TI
    21.000  floating inst_ID2EX_reg_register_1_reg_25_/TI
    46.800  floating inst_register_registers_reg_4__26_/TI
    61.200  floating inst_ID2EX_reg_register_1_reg_26_/TI
    46.800  floating inst_register_registers_reg_4__27_/TI
    76.200  floating inst_register_registers_reg_4__28_/TI
    54.000  floating inst_ID2EX_reg_register_1_reg_28_/TI
    23.400  floating inst_register_registers_reg_4__29_/TI
    82.800  floating inst_ID2EX_reg_register_2_reg_8_/TI
    21.000  floating inst_register_registers_reg_4__30_/TI
    75.600  floating inst_ID2EX_reg_register_1_reg_30_/TI
    58.800  floating inst_ID2EX_reg_register_2_reg_7_/TI
    87.600  floating inst_ID2EX_reg_register_1_reg_6_/TI
    47.400  floating inst_ID2EX_reg_register_2_reg_6_/TI
    39.600  floating u_MEM2WB_reg_alu_result_reg_0_/TI
    70.800  floating inst_ID2EX_reg_register_2_reg_5_/TI
    128.400  floating inst_register_registers_reg_4__1_/TI
    27.600  floating inst_register_registers_reg_0__1_/TI
    117.000  floating inst_register_registers_reg_5__1_/TI
    95.400  floating inst_register_registers_reg_1__1_/TI
    85.800  floating inst_register_registers_reg_2__1_/TI
    68.400  floating inst_register_registers_reg_1__2_/TI
    92.400  floating inst_register_registers_reg_0__2_/TI
    71.400  floating inst_register_registers_reg_3__2_/TI
    54.000  floating inst_register_registers_reg_4__3_/TI
    88.200  floating inst_register_registers_reg_6__2_/TI
    32.400  floating inst_register_registers_reg_5__3_/TI
    85.200  floating inst_register_registers_reg_5__4_/TI
    21.000  floating inst_PC_inst_addr_reg_30_/TI
    68.400  floating inst_PC_inst_addr_reg_29_/TI
    58.800  floating inst_register_registers_reg_1__3_/TI
    63.000  floating inst_register_registers_reg_1__4_/TI
    51.600  floating inst_PC_inst_addr_reg_28_/TI
    118.800  floating inst_register_registers_reg_0__3_/TI
    109.200  floating inst_register_registers_reg_5__5_/TI
    114.000  floating inst_register_registers_reg_0__4_/TI
    23.400  floating inst_register_registers_reg_3__3_/TI
    79.800  floating inst_register_registers_reg_3__4_/TI
    58.800  floating inst_register_registers_reg_1__5_/TI
    27.600  floating inst_register_registers_reg_0__5_/TI
    35.400  floating inst_register_registers_reg_0__6_/TI
    70.800  floating inst_register_registers_reg_1__6_/TI
    54.000  floating inst_register_registers_reg_0__7_/TI
    109.800  floating inst_register_registers_reg_0__8_/TI
    22.800  floating inst_register_registers_reg_1__8_/TI
    66.600  floating inst_register_registers_reg_3__9_/TI
    80.400  floating inst_register_registers_reg_1__9_/TI
    102.600  floating inst_register_registers_reg_1__10_/TI
    49.200  floating inst_register_registers_reg_3__10_/TI
    126.600  floating inst_register_registers_reg_3__11_/TI
    76.200  floating inst_register_registers_reg_3__12_/TI
    58.800  floating inst_register_registers_reg_1__13_/TI
    27.600  floating inst_register_registers_reg_3__13_/TI
    66.600  floating inst_register_registers_reg_3__14_/TI
    70.200  floating inst_register_registers_reg_1__14_/TI
    61.800  floating inst_register_registers_reg_1__15_/TI
    18.000  floating inst_register_registers_reg_0__15_/TI
    65.400  floating inst_register_registers_reg_3__15_/TI
    71.400  floating inst_register_registers_reg_1__16_/TI
    76.200  floating inst_register_registers_reg_0__16_/TI
    118.800  floating inst_register_registers_reg_5__16_/TI
    138.600  floating inst_register_registers_reg_5__15_/TI
    22.800  floating inst_register_registers_reg_4__15_/TI
    73.800  floating inst_register_registers_reg_6__23_/TI
    46.800  floating inst_register_registers_reg_6__22_/TI
    70.800  floating inst_ID2EX_reg_register_1_reg_15_/TI
    21.000  floating inst_register_registers_reg_4__16_/TI
    61.200  floating inst_register_registers_reg_6__21_/TI
    46.800  floating inst_register_registers_reg_4__17_/TI
    47.400  floating inst_register_registers_reg_4__18_/TI
    76.200  floating inst_register_registers_reg_7__21_/TI
    93.000  floating inst_register_registers_reg_3__21_/TI
    80.400  floating inst_register_registers_reg_2__21_/TI
    20.400  floating inst_register_registers_reg_1__21_/TI
    143.400  floating inst_register_registers_reg_4__19_/TI
    111.600  floating inst_register_registers_reg_4__20_/TI
    102.000  floating inst_register_registers_reg_4__21_/TI
    78.600  floating inst_ID2EX_reg_register_2_reg_21_/TI
    75.600  floating inst_ID2EX_reg_register_2_reg_16_/TI
    118.800  floating inst_ID2EX_reg_register_2_reg_15_/TI
    99.000  floating inst_ID2EX_reg_register_2_reg_22_/TI
    66.600  floating inst_ID2EX_reg_register_1_reg_22_/TI
    69.000  floating inst_ID2EX_reg_register_1_reg_23_/TI
    42.000  floating inst_register_registers_reg_4__24_/TI
    116.400  floating inst_ID2EX_reg_register_2_reg_25_/TI
    51.600  floating inst_ID2EX_reg_register_2_reg_13_/TI
    82.800  floating inst_ID2EX_reg_register_2_reg_12_/TI
    49.800  floating inst_ID2EX_reg_register_2_reg_26_/TI
    56.400  floating inst_ID2EX_reg_register_2_reg_11_/TI
    44.400  floating inst_ID2EX_reg_register_2_reg_27_/TI
    54.000  floating inst_ID2EX_reg_register_1_reg_27_/TI
    21.000  floating inst_ID2EX_reg_register_2_reg_10_/TI
    32.400  floating inst_ID2EX_reg_register_2_reg_28_/TI
    21.000  floating inst_ID2EX_reg_register_2_reg_9_/TI
    34.800  floating inst_ID2EX_reg_register_1_reg_29_/TI
    32.400  floating inst_ID2EX_reg_register_2_reg_29_/TI
    105.000  floating inst_ID2EX_reg_register_2_reg_30_/TI
    117.000  floating inst_ID2EX_reg_register_2_reg_31_/TI
    20.400  floating inst_ID2EX_reg_register_1_reg_31_/TI
    70.800  floating inst_register_registers_reg_4__31_/TI
    57.000  floating inst_register_registers_reg_0__0_/TI
    51.600  floating inst_ID2EX_reg_register_1_reg_5_/TI
    21.000  floating inst_ID2EX_reg_register_1_reg_0_/TI
    35.400  floating inst_ID2EX_reg_register_1_reg_1_/TI
    68.400  floating inst_ID2EX_reg_register_1_reg_4_/TI
    66.000  floating inst_register_registers_reg_4__2_/TI
    18.000  floating inst_ID2EX_reg_register_1_reg_2_/TI
    104.400  floating inst_ID2EX_reg_register_2_reg_4_/TI
    73.200  floating inst_ID2EX_reg_register_2_reg_1_/TI
    25.200  floating inst_ID2EX_reg_register_2_reg_3_/TI
    83.400  floating inst_ID2EX_reg_register_2_reg_0_/TI
    70.800  floating inst_ID2EX_reg_register_1_reg_3_/TI
    75.600  floating inst_ID2EX_reg_register_2_addr_reg_0_/TI
    21.000  floating inst_ID2EX_reg_register_2_addr_reg_2_/TI
    46.800  floating inst_ID2EX_reg_register_2_addr_reg_1_/TI
    57.000  floating u_MEM2WB_reg_write_reg_address_reg_4_/TI
    376.800  ordered test_so

  float wire length: 60952.800
  order wire length: 376.800
  total wire length: 61329.600



